{
  "scores": [
    {"id":"n0000001","score":0,"reasons":["single URL metadata"]},
    {"id":"n0000003","score":1,"reasons":["combines viewport meta and title"]},
    {"id":"n0000004","score":0,"reasons":["simple claim"]},
    {"id":"n0000005","score":0,"reasons":["simple claim"]},
    {"id":"n0000006","score":0,"reasons":["simple claim"]},
    {"id":"n0000007","score":0,"reasons":["simple citation claim"]},
    {"id":"n0000008","score":0,"reasons":["definition of term"]},
    {"id":"n0000009","score":0,"reasons":["author list"]},
    {"id":"n0000010","score":0,"reasons":["section header"]},
    {"id":"n0000011","score":0,"reasons":["single claim"]},
    {"id":"n0000012","score":0,"reasons":["single claim"]},
    {"id":"n0000013","score":1,"reasons":["contrasts two method families"]},
    {"id":"n0000014","score":0,"reasons":["single method claim"]},
    {"id":"n0000015","score":0,"reasons":["single claim"]},
    {"id":"n0000016","score":0,"reasons":["single claim"]},
    {"id":"n0000017","score":0,"reasons":["single claim"]},
    {"id":"n0000018","score":0,"reasons":["single claim"]},
    {"id":"n0000019","score":0,"reasons":["single claim"]},
    {"id":"n0000020","score":0,"reasons":["section header"]},
    {"id":"n0000021","score":1,"reasons":["multiple intertwined concepts about geometry, constraints, trade‑offs"]},
    {"id":"n0000022","score":0,"reasons":["single claim"]},
    {"id":"n0000023","score":0,"reasons":["single claim"]},
    {"id":"n0000024","score":0,"reasons":["single claim"]},
    {"id":"n0000025","score":0,"reasons":["single claim"]},
    {"id":"n0000026","score":0,"reasons":["figure reference"]},
    {"id":"n0000027","score":1,"reasons":["dense technical description with several steps"]},
    {"id":"n0000028","score":0,"reasons":["single claim"]},
    {"id":"n0000029","score":0,"reasons":["single claim"]},
    {"id":"n0000030","score":0,"reasons":["single claim"]},
    {"id":"n0000031","score":0,"reasons":["single claim"]},
    {"id":"n0000032","score":0,"reasons":["single claim"]},
    {"id":"n0000033","score":0,"reasons":["single claim with example"]},
    {"id":"n0000034","score":1,"reasons":["two trade‑offs: complexity vs expressivity"]},
    {"id":"n0000035","score":1,"reasons":["multiple citations and theoretical basis"]},
    {"id":"n0000036","score":1,"reasons":["balances two objectives and introduces hyperparameter"]},
    {"id":"n0000037","score":0,"reasons":["single claim"]},
    {"id":"n0000038","score":0,"reasons":["single claim"]},
    {"id":"n0000039","score":0,"reasons":["single claim"]},
    {"id":"n0000040","score":1,"reasons":["intro to list of multiple contributions"]},
    {"id":"n0000041","score":0,"reasons":["single claim"]},
    {"id":"n0000042","score":0,"reasons":["separator"]},
    {"id":"n0000043","score":0,"reasons":["single claim"]},
    {"id":"n0000045","score":0,"reasons":["single claim"]},
    {"id":"n0000046","score":0,"reasons":["single claim"]},
    {"id":"n0000047","score":0,"reasons":["single claim"]},
    {"id":"n0000048","score":0,"reasons":["single claim"]},
    {"id":"n0000049","score":1,"reasons":["two combined ideas: simultaneous use and scaling benefit"]},
    {"id":"n0000050","score":0,"reasons":["section header"]}
  ]
}
