{
  "scores": [
    { "id": "n0000103", "score": 0.0, "reasons": ["single definition"] },
    { "id": "n0000109", "score": 0.0, "reasons": ["single definition"] },
    { "id": "n0000110", "score": 0.0, "reasons": ["section header"] },
    { "id": "n0000111", "score": 0.0, "reasons": ["single claim"] },
    { "id": "n0000112", "score": 0.0, "reasons": ["single claim"] },
    { "id": "n0000113", "score": 0.0, "reasons": ["single claim"] },
    { "id": "n0000114", "score": 0.0, "reasons": ["single claim"] },
    { "id": "n0000115", "score": 0.0, "reasons": ["single claim"] },
    { "id": "n0000116", "score": 0.8, "reasons": ["multiple geometric properties in one statement"] },
    { "id": "n0000117", "score": 0.0, "reasons": ["single claim"] },
    { "id": "n0000118", "score": 0.0, "reasons": ["single claim"] },
    { "id": "n0000119", "score": 0.0, "reasons": ["single claim"] },
    { "id": "n0000120", "score": 0.0, "reasons": ["single claim"] },
    { "id": "n0000121", "score": 0.0, "reasons": ["single claim"] },
    { "id": "n0000122", "score": 0.0, "reasons": ["single claim"] },
    { "id": "n0000123", "score": 0.0, "reasons": ["single claim"] },
    { "id": "n0000124", "score": 0.0, "reasons": ["single claim"] },
    { "id": "n0000125", "score": 0.0, "reasons": ["section header"] },
    { "id": "n0000130", "score": 0.0, "reasons": ["single claim"] },
    { "id": "n0000131", "score": 0.0, "reasons": ["single claim"] },
    { "id": "n0000132", "score": 0.0, "reasons": ["single claim"] },
    { "id": "n0000134", "score": 0.0, "reasons": ["single claim"] },
    { "id": "n0000135", "score": 0.7, "reasons": ["covers multiple concepts: coverage, norm, reflections"] },
    { "id": "n0000136", "score": 0.0, "reasons": ["single claim"] },
    { "id": "n0000137", "score": 0.0, "reasons": ["single claim"] },
    { "id": "n0000138", "score": 0.0, "reasons": ["single claim"] },
    { "id": "n0000139", "score": 0.0, "reasons": ["single claim"] },
    { "id": "n0000140", "score": 0.0, "reasons": ["single claim"] },
    { "id": "n0000141", "score": 0.0, "reasons": ["single claim"] },
    { "id": "n0000142", "score": 0.6, "reasons": ["multiple ideas: trade‑off, boundary, unlearning"] },
    { "id": "n0000143", "score": 0.0, "reasons": ["single claim"] },
    { "id": "n0000144", "score": 0.0, "reasons": ["single source statement"] },
    { "id": "n0000146", "score": 0.0, "reasons": ["single claim"] },
    { "id": "n0000147", "score": 0.0, "reasons": ["single claim"] },
    { "id": "n0000148", "score": 0.0, "reasons": ["single claim"] },
    { "id": "n0000149", "score": 0.0, "reasons": ["section header"] },
    { "id": "n0000151", "score": 0.7, "reasons": ["multiple ideas: coverage, error bounds"] },
    { "id": "n0000152", "score": 0.0, "reasons": ["single claim"] },
    { "id": "n0000153", "score": 0.0, "reasons": ["single claim"] },
    { "id": "n0000154", "score": 0.0, "reasons": ["single claim"] },
    { "id": "n0000155", "score": 0.0, "reasons": ["single claim"] },
    { "id": "n0000156", "score": 0.0, "reasons": ["single claim"] },
    { "id": "n0000158", "score": 0.0, "reasons": ["section header"] },
    { "id": "n0000159", "score": 0.0, "reasons": ["single claim"] },
    { "id": "n0000160", "score": 0.0, "reasons": ["single claim"] },
    { "id": "n0000161", "score": 0.0, "reasons": ["single claim"] },
    { "id": "n0000173", "score": 0.0, "reasons": ["single evidence"] },
    { "id": "n0000174", "score": 0.0, "reasons": ["single source (image)"] }
  ]
}
