{
  "scores": [
    {"id":"n0000175","score":0.0,"reasons":["single simple idea"]},
    {"id":"n0000176","score":0.0,"reasons":["single simple idea"]},
    {"id":"n0000177","score":0.0,"reasons":["single simple idea"]},
    {"id":"n0000178","score":0.0,"reasons":["single simple idea"]},
    {"id":"n0000179","score":0.0,"reasons":["single simple idea"]},
    {"id":"n0000180","score":0.0,"reasons":["single simple idea"]},
    {"id":"n0000181","score":0.0,"reasons":["single simple idea"]},
    {"id":"n0000182","score":0.5,"reasons":["multiple linked ideas (failure cause and effect)"]},
    {"id":"n0000183","score":0.0,"reasons":["single simple idea"]},
    {"id":"n0000184","score":0.0,"reasons":["single simple idea"]},
    {"id":"n0000185","score":0.0,"reasons":["single simple idea"]},
    {"id":"n0000186","score":0.5,"reasons":["multiple linked ideas (cause/effect)"]},
    {"id":"n0000187","score":0.0,"reasons":["single simple idea"]},
    {"id":"n0000188","score":0.0,"reasons":["single simple idea"]},
    {"id":"n0000189","score":0.5,"reasons":["multiple constraints combined"]},
    {"id":"n0000190","score":0.5,"reasons":["multiple linked ideas (restriction and improvement)"]},
    {"id":"n0000191","score":0.5,"reasons":["multiple linked ideas (parameter increase and coverage)"]},
    {"id":"n0000192","score":0.0,"reasons":["single simple idea"]},
    {"id":"n0000193","score":0.0,"reasons":["single simple idea"]},
    {"id":"n0000194","score":0.0,"reasons":["single simple idea"]},
    {"id":"n0000195","score":0.0,"reasons":["single simple idea"]},
    {"id":"n0000196","score":0.0,"reasons":["single simple idea"]},
    {"id":"n0000197","score":0.0,"reasons":["single simple idea"]},
    {"id":"n0000198","score":0.0,"reasons":["single simple idea"]},
    {"id":"n0000199","score":0.5,"reasons":["multiple linked ideas (invariance and failure)"]},
    {"id":"n0000200","score":0.0,"reasons":["single simple idea"]},
    {"id":"n0000201","score":0.0,"reasons":["single simple idea"]},
    {"id":"n0000202","score":0.5,"reasons":["multiple linked ideas (constraint and limitation)"]},
    {"id":"n0000203","score":0.5,"reasons":["multiple linked ideas (restriction and consequence)"]},
    {"id":"n0000204","score":0.0,"reasons":["single simple idea"]},
    {"id":"n0000214","score":0.0,"reasons":["single simple idea"]},
    {"id":"n0000215","score":0.0,"reasons":["single simple idea"]},
    {"id":"n0000216","score":0.0,"reasons":["single simple idea"]},
    {"id":"n0000217","score":0.0,"reasons":["single simple idea"]},
    {"id":"n0000218","score":0.0,"reasons":["single simple idea"]},
    {"id":"n0000219","score":0.0,"reasons":["single simple idea"]},
    {"id":"n0000220","score":0.0,"reasons":["single simple idea"]},
    {"id":"n0000221","score":0.0,"reasons":["single simple idea"]},
    {"id":"n0000222","score":0.0,"reasons":["single simple idea"]},
    {"id":"n0000223","score":0.0,"reasons":["single simple idea"]},
    {"id":"n0000224","score":0.0,"reasons":["single simple idea"]},
    {"id":"n0000225","score":0.0,"reasons":["single simple idea"]},
    {"id":"n0000226","score":0.0,"reasons":["single simple idea"]},
    {"id":"n0000227","score":0.0,"reasons":["single simple idea"]},
    {"id":"n0000228","score":0.0,"reasons":["single simple idea"]},
    {"id":"n0000229","score":0.0,"reasons":["single simple idea"]},
    {"id":"n0000230","score":0.0,"reasons":["single simple idea"]},
    {"id":"n0000231","score":0.0,"reasons":["single simple idea"]}
  ]
}
